// Jest Snapshot v1, https://goo.gl/fbAQLP

exports[`video thumbnail component renders a thumbnail image 1`] = `
<Link
  to="/-UoeQOC-5iw"
>
  <img
    src="https://img.youtube.com/vi/-UoeQOC-5iw/0.jpg"
  />
</Link>
`;
