// Jest Snapshot v1, https://goo.gl/fbAQLP

exports[`comment component renders a video comment 1`] = `
<p>
  Sweet video!
</p>
`;
